[36mvite v5.4.19 [32mbuilding for production...[36m[39m
transforming...
node.exe : 
Browserslist: 
browsers data 
(caniuse-lite) is 6 
months old. Please 
run:
At line:1 char:1
+ & "C:\Program Files
\nodejs/node.exe" "C:
\Users\koppa\AppData\
Roaming\ ...
+ ~~~~~~~~~~~~~~~~~~~
~~~~~~~~~~~~~~~~~~~~~
~~~~~~~~~~~~~~~~~~~~~
~~~~~~~~
    + CategoryInfo   
           : NotSpe  
  cified: (Browser   
 slist: b...ld. P    
lease run::Strin    
g) [], RemoteExc    
eption
    + FullyQualified 
   ErrorId : Native  
  CommandError
 
  npx update-browsers
list-db@latest
  Why you should do 
it regularly: https:/
/github.com/browsersl
ist/update-db#readme
[32mΓ£ô[39m 4 modules transformed.
[31mx[39m Build 
failed in 1.10s
[31merror during 
build:
[31m[vite]: Rollup 
failed to resolve 
import "@/components/
ui/toaster" from 
"D:/salem internship/
project4/frontend/src
/App.tsx".
This is most likely 
unintended because 
it can break your 
application at 
runtime.
If you do want to 
externalize this 
module explicitly 
add it to
`build.rollupOptions.
external`[31m
    at viteWarn (file
:///D:/salem%20intern
ship/project4/fronten
d/node_modules/vite/d
ist/node/chunks/dep-C
6uTJdX2.js:65839:17)
    at onwarn (file:/
//D:/salem%20internsh
ip/project4/frontend/
node_modules/@vitejs/
plugin-react-swc/inde
x.js:90:7)
    at 
onRollupWarning (file
:///D:/salem%20intern
ship/project4/fronten
d/node_modules/vite/d
ist/node/chunks/dep-C
6uTJdX2.js:65869:5)
    at onwarn (file:/
//D:/salem%20internsh
ip/project4/frontend/
node_modules/vite/dis
t/node/chunks/dep-C6u
TJdX2.js:65534:7)
    at file:///D:/sal
em%20internship/proje
ct4/frontend/node_mod
ules/rollup/dist/es/s
hared/node-entry.js:1
9393:13
    at Object.logger 
[as onLog] (file:///D
:/salem%20internship/
project4/frontend/nod
e_modules/rollup/dist
/es/shared/node-entry
.js:21119:9)
    at ModuleLoader.h
andleInvalidResolvedI
d (file:///D:/salem%2
0internship/project4/
frontend/node_modules
/rollup/dist/es/share
d/node-entry.js:20008
:26)
    at file:///D:/sal
em%20internship/proje
ct4/frontend/node_mod
ules/rollup/dist/es/s
hared/node-entry.js:1
9966:26[39m
